20:47:35 **** Incremental Build of configuration Debug for project LED_BLINKY ****
make -j4 all 
arm-none-eabi-gcc "../Core/Src/main.c" -mcpu=cortex-m3 -std=gnu11 -g3 -DDEBUG -DUSE_HAL_DRIVER -DSTM32F103x6 -c -I../Core/Inc -I../Drivers/STM32F1xx_HAL_Driver/Inc -I../Drivers/STM32F1xx_HAL_Driver/Inc/Legacy -I../Drivers/CMSIS/Device/ST/STM32F1xx/Include -I../Drivers/CMSIS/Include -O0 -ffunction-sections -fdata-sections -Wall -fstack-usage -MMD -MP -MF"Core/Src/main.d" -MT"Core/Src/main.o" --specs=nano.specs -mfloat-abi=soft -mthumb -o "Core/Src/main.o"
arm-none-eabi-gcc -o "LED_BLINKY.elf" @"objects.list"   -mcpu=cortex-m3 -T"C:\Users\Phu\Desktop\STM32\LED_BLINKY\STM32F103C6UX_FLASH.ld" --specs=nosys.specs -Wl,-Map="LED_BLINKY.map" -Wl,--gc-sections -static --specs=nano.specs -mfloat-abi=soft -mthumb -Wl,--start-group -lc -lm -Wl,--end-group
Finished building target: LED_BLINKY.elf
 
arm-none-eabi-size   LED_BLINKY.elf 
arm-none-eabi-objdump -h -S  LED_BLINKY.elf  > "LED_BLINKY.list"
arm-none-eabi-objcopy  -O ihex  LED_BLINKY.elf  "LED_BLINKY.hex"
arm-none-eabi-objcopy  -O binary  LED_BLINKY.elf  "LED_BLINKY.bin"
   text	   data	    bss	    dec	    hex	filename
   4872	     20	   1572	   6464	   1940	LED_BLINKY.elf
Finished building: default.size.stdout
 
Finished building: LED_BLINKY.hex
Finished building: LED_BLINKY.bin
Finished building: LED_BLINKY.list
 
 
 
